Error at line 3: symbol 'a' is already declared!
Error at line 5: symbol 'a' is already declared!
Error at line 6: symbol 'b' is already declared!
Error at line 8: symbol 'main' is already declared!
