Error at line 3: Tried to use variable as function handle.
