Error at line 4: Symbol was <boolean> but expected <int>
