Program
  List
    FunctionDec
      IdDecl
      List
        IdDecl
        IdDecl
      CompoundStmt
        List
          WhileStmt
            NEqual
              IdUse
              IdUse
            CompoundStmt
              List
                IfStmt
                  Greater
                    IdUse
                    IdUse
                  CompoundStmt
                    List
                      AssignStmt
                        IdUse
                        Sub
                          IdUse
                          IdUse
                  CompoundStmt
                    List
                      AssignStmt
                        IdUse
                        Sub
                          IdUse
                          IdUse
          ReturnStmt
            IdUse
    FunctionDec
      IdDecl
      List
        IdDecl
        IdDecl
      CompoundStmt
        List
          IfStmt
            Equal
              IdUse
              IntUse
            CompoundStmt
              List
                ReturnStmt
                  IdUse
            CompoundStmt
              List
          ReturnStmt
            FunctionFactor
              IdUse
              List
                IdUse
                Mod
                  IdUse
                  IdUse
    Comment
    FunctionDec
      IdDecl
      List
      CompoundStmt
        List
          DeclStmt
            IdDecl
            Opt
          DeclStmt
            IdDecl
            Opt
          AssignStmt
            IdUse
            FunctionFactor
              IdUse
              List
          AssignStmt
            IdUse
            FunctionFactor
              IdUse
              List
          FunctionStmt
            FunctionFactor
              IdUse
              List
                FunctionFactor
                  IdUse
                  List
                    IdUse
                    IdUse
          FunctionStmt
            FunctionFactor
              IdUse
              List
                FunctionFactor
                  IdUse
                  List
                    IdUse
                    IdUse
          DeclStmt
            IdDecl
            Opt
              Sub
                FunctionFactor
                  IdUse
                  List
                    IdUse
                    IdUse
                FunctionFactor
                  IdUse
                  List
                    IdUse
                    IdUse
          FunctionStmt
            FunctionFactor
              IdUse
              List
                IdUse
          ReturnStmt
            IntUse
