Program
  List
    FunctionDec
      IdDecl
      List
        IdDecl
        IdDecl
      CompoundStmt
        List
          WhileStmt
            NEqual
              IdUse
              IdUse
            CompoundStmt
              List
                IfStmt
                  Greater
                    IdUse
                    IdUse
                  CompoundStmt
                    List
                      AssignStmt
                        IdUse
                        Sub
                          IdUse
                          IdUse
                  Opt
                    CompoundStmt
                      List
                        AssignStmt
                          IdUse
                          Sub
                            IdUse
                            IdUse
          ReturnStmt
            IdUse
    FunctionDec
      IdDecl
      List
        IdDecl
        IdDecl
      CompoundStmt
        List
          IfStmt
            Equal
              IdUse
              IntUse
            CompoundStmt
              List
                ReturnStmt
                  IdUse
            Opt
          ReturnStmt
            FunctionCall
              IdUse
              List
                IdUse
                Mod
                  IdUse
                  IdUse
    FunctionDec
      IdDecl
      List
      CompoundStmt
        List
          DeclStmt
            IdDecl
            Opt
          DeclStmt
            IdDecl
            Opt
          AssignStmt
            IdUse
            FunctionCall
              IdUse
              List
          AssignStmt
            IdUse
            FunctionCall
              IdUse
              List
          FunctionStmt
            FunctionCall
              IdUse
              List
                FunctionCall
                  IdUse
                  List
                    IdUse
                    IdUse
          FunctionStmt
            FunctionCall
              IdUse
              List
                FunctionCall
                  IdUse
                  List
                    IdUse
                    IdUse
          DeclStmt
            IdDecl
            Opt
              Sub
                FunctionCall
                  IdUse
                  List
                    IdUse
                    IdUse
                FunctionCall
                  IdUse
                  List
                    IdUse
                    IdUse
          FunctionStmt
            FunctionCall
              IdUse
              List
                IdUse
          ReturnStmt
            IntUse
